// Jest Snapshot v1, https://goo.gl/fbAQLP

exports[`IssueList should render 1`] = `
"<div class=\\"ui relaxed divided list\\">changes <div class=\\"item\\"><i class=\\"large github middle aligned icon\\"></i><span>fails snapshot test now</span>
    <div class=\\"content\\"><a class=\\"header\\" href=\\"https://github.com/microsoft/vscode/issues/68\\" target=\\"_blank\\" rel=\\"noreferrer\\">Git: Support git history in VSCode</a>
      <div class=\\"description\\"></div>
    </div>
  </div>
  <div class=\\"item\\"><i class=\\"large github middle aligned icon\\"></i><span>fails snapshot test now</span>
    <div class=\\"content\\"><a class=\\"header\\" href=\\"https://github.com/microsoft/vscode/issues/127\\" target=\\"_blank\\" rel=\\"noreferrer\\">Provide option to opt out of line ending normalisation for files</a>
      <div class=\\"description\\"></div>
    </div>
  </div>
</div>"
`;
